../Core/Src/main.c:78:5:main	32	static
../Core/Src/main.c:129:6:SystemClock_Config	88	static
../Core/Src/main.c:175:13:MX_ADC1_Init	56	static
../Core/Src/main.c:243:13:MX_ADC2_Init	40	static
../Core/Src/main.c:302:13:MX_TIM1_Init	104	static
../Core/Src/main.c:382:13:MX_TIM3_Init	40	static
../Core/Src/main.c:426:13:MX_USART2_UART_Init	8	static
../Core/Src/main.c:474:13:MX_USART3_UART_Init	8	static
../Core/Src/main.c:522:13:MX_GPIO_Init	48	static
../Core/Src/main.c:581:6:HAL_TIM_PeriodElapsedCallback	16	static
../Core/Src/main.c:598:6:Error_Handler	4	static,ignoring_inline_asm
