11:09:41 **** Incremental Build of configuration Debug for project NUCLEO-G474RET6-Inverter_Pinout ****
make -j12 all 
arm-none-eabi-gcc "../Core/Src/tim.c" -mcpu=cortex-m4 -std=gnu11 -g3 -DDEBUG -DUSE_HAL_DRIVER -DSTM32G474xx -c -I../Core/Inc -I../Drivers/STM32G4xx_HAL_Driver/Inc -I../Drivers/STM32G4xx_HAL_Driver/Inc/Legacy -I../Drivers/CMSIS/Device/ST/STM32G4xx/Include -I../Drivers/CMSIS/Include -O0 -ffunction-sections -fdata-sections -Wall -fstack-usage -fcyclomatic-complexity -MMD -MP -MF"Core/Src/tim.d" -MT"Core/Src/tim.o" --specs=nano.specs -mfpu=fpv4-sp-d16 -mfloat-abi=hard -mthumb -o "Core/Src/tim.o"
arm-none-eabi-gcc -o "NUCLEO-G474RET6-Inverter_Pinout.elf" @"objects.list"   -mcpu=cortex-m4 -T"C:\Users\thier\Documents\git\TPAcquisition\NUCLEO-G474RET6-Inverter_Pinout\NUCLEO-G474RET6-Inverter_Pinout\STM32G474RETX_FLASH.ld" --specs=nosys.specs -Wl,-Map="NUCLEO-G474RET6-Inverter_Pinout.map" -Wl,--gc-sections -static --specs=nano.specs -mfpu=fpv4-sp-d16 -mfloat-abi=hard -mthumb -Wl,--start-group -lc -lm -Wl,--end-group
Finished building target: NUCLEO-G474RET6-Inverter_Pinout.elf
 
arm-none-eabi-size   NUCLEO-G474RET6-Inverter_Pinout.elf 
arm-none-eabi-objdump -h -S  NUCLEO-G474RET6-Inverter_Pinout.elf  > "NUCLEO-G474RET6-Inverter_Pinout.list"
   text	   data	    bss	    dec	    hex	filename
  35388	    220	   2676	  38284	   958c	NUCLEO-G474RET6-Inverter_Pinout.elf
Finished building: default.size.stdout
 
Finished building: NUCLEO-G474RET6-Inverter_Pinout.list
 
11:09:45 **** Incremental Build of configuration Debug for project NUCLEO-G474RET6-Inverter_Pinout ****
make -j12 all 
arm-none-eabi-size   NUCLEO-G474RET6-Inverter_Pinout.elf 
   text	   data	    bss	    dec	    hex	filename
  35388	    220	   2676	  38284	   958c	NUCLEO-G474RET6-Inverter_Pinout.elf
Finished building: default.size.stdout
 
